// Jest Snapshot v1, https://goo.gl/fbAQLP

exports[`renders correctly 1`] = `
<div
  className="test"
>
  <Styled(WithStyles(ForwardRef(Typography)))>
    Total: 
    3
  </Styled(WithStyles(ForwardRef(Typography)))>
  <Styled(IncidentItem)
    data={
      Object {
        "address": "Test address 1",
        "description": "Detailed test description 1",
        "id": 1,
        "media": Object {
          "image_url_thumb": "https://test.com/bike/1/photo.jpg",
        },
        "occurred_at": 1546300800000,
        "source": Object {
          "html_url": "https://test.com/bike/1",
        },
        "title": "Test title 1",
        "updated_at": 1548979200000,
      }
    }
    key="1"
  />
  <Styled(IncidentItem)
    data={
      Object {
        "address": "Test address 2",
        "description": "Detailed test description 2",
        "id": 2,
        "media": Object {
          "image_url_thumb": "https://test.com/bike/2/photo.jpg",
        },
        "occurred_at": 1546387200000,
        "source": Object {
          "html_url": "https://test.com/bike/2",
        },
        "title": "Test title 2",
        "updated_at": 1549065600000,
      }
    }
    key="2"
  />
  <Styled(IncidentItem)
    data={
      Object {
        "address": "Test address 3",
        "description": "Detailed test description 3",
        "id": 3,
        "media": Object {
          "image_url_thumb": "https://test.com/bike/3/photo.jpg",
        },
        "occurred_at": 1546473600000,
        "source": Object {
          "html_url": "https://test.com/bike/3",
        },
        "title": "Test title 3",
        "updated_at": 1549152000000,
      }
    }
    key="3"
  />
</div>
`;
